// Jest Snapshot v1, https://jestjs.io/docs/snapshot-testing

exports[`Icons object used icon set matches snapshot 1`] = `
[
  "archive",
  "arrowsHorizontal",
  "barChart",
  "box",
  "bucket",
  "camera",
  "cart",
  "check",
  "chevronDown",
  "chevronLeft",
  "chevronRight",
  "chevronUp",
  "clipboard",
  "clock",
  "cloudAlert",
  "cloudCheck",
  "cloudOff",
  "cloudSync",
  "dice",
  "document",
  "dot",
  "eye",
  "eyedropper",
  "fire",
  "folder",
  "gear",
  "halfStitch",
  "help",
  "hourglass",
  "image",
  "info",
  "keyboard",
  "lightbulb",
  "lock",
  "magnify",
  "magnifyMinus",
  "magnifyPlus",
  "menu",
  "palette",
  "parkFlag",
  "pause",
  "pencil",
  "play",
  "plus",
  "pointing",
  "replay",
  "save",
  "shoppingCart",
  "shuffle",
  "sleep",
  "star",
  "thread",
  "trash",
  "undo",
  "unlock",
  "wand",
  "warning",
  "x",
]
`;
