// Jest Snapshot v1, https://jestjs.io/docs/snapshot-testing

exports[`Icons object used icon set matches snapshot 1`] = `
[
  "adapt",
  "archive",
  "arrowsHorizontal",
  "barChart",
  "box",
  "bucket",
  "camera",
  "canvasResize",
  "cart",
  "check",
  "chevronDown",
  "chevronLeft",
  "chevronRight",
  "chevronUp",
  "clipboard",
  "cloudAlert",
  "cloudCheck",
  "cloudOff",
  "cloudSync",
  "colourSwap",
  "copy",
  "crop",
  "dice",
  "document",
  "dot",
  "download",
  "duplicate",
  "eye",
  "eyedropper",
  "fire",
  "flipHorizontal",
  "flipVertical",
  "focus",
  "focusExit",
  "folder",
  "gear",
  "hand",
  "help",
  "hourglass",
  "image",
  "info",
  "keyboard",
  "lightbulb",
  "lock",
  "magnify",
  "magnifyMinus",
  "menu",
  "minus",
  "moon",
  "needle",
  "palette",
  "parkFlag",
  "pause",
  "pencil",
  "pin",
  "play",
  "plus",
  "pointing",
  "refresh",
  "rotateCcw",
  "rotateCw",
  "rowMode",
  "save",
  "scissors",
  "shapeEllipse",
  "shapeLine",
  "shapeRect",
  "shuffle",
  "sleep",
  "sparkles",
  "spinner",
  "star",
  "stitchDot",
  "sun",
  "symbols",
  "textTool",
  "thread",
  "trash",
  "undo",
  "unlock",
  "wand",
  "warning",
  "x",
]
`;
